[invisimple.id/s03/index.html]
[backblue.gif]
[fade.gif]
[index.html]
[invisimple.id/wp-content/plugins/invisimple-2/assets/css/animations5bf8.css]
[invisimple.id/s03/feed/index.html]
[invisimple.id/wp-content/plugins/invisimple-5/assets/css/frontend8d18.css]
[invisimple.id/wp-includes/css/dist/block-library/style.minefe9.css]
[invisimple.id/wp-content/plugins/invisimple-8/themes/default/stylefff2.css]
[invisimple.id/wp-content/plugins/invisimple-8/assets/third-party/font-awesome-5.13.0/css/fa.minfff2.css]
[invisimple.id/wp-content/plugins/invisimple-8/assets/css/wpdiscuz-combo-no_quill.minefe9.css]
[invisimple.id/wp-content/uploads/useanyfont/uaf2429.css]
[invisimple.id/wp-content/themes/hello-elementor/style.minc141.css]
[invisimple.id/wp-content/themes/hello-elementor/theme.minc141.css]
[invisimple.id/wp-content/plugins/elementor/assets/css/frontend-lite.min5d63.css]
[invisimple.id/wp-content/uploads/elementor/css/post-8adfb.css]
[invisimple.id/wp-content/plugins/invisimple-6/assets/css/jet-popup-frontend1f22.css]
[invisimple.id/wp-content/plugins/elementor/assets/lib/font-awesome/css/font-awesome.min1849.css]
[invisimple.id/wp-content/plugins/invisimple-4/assets/css/jet-elementsd047.css]
[invisimple.id/wp-content/plugins/invisimple-4/assets/css/jet-elements-skind047.css]
[invisimple.id/wp-content/plugins/elementor/assets/lib/eicons/css/elementor-icons.min192d.css]
[invisimple.id/wp-content/plugins/elementor/assets/lib/swiper/css/swiper.min48f5.css]
[invisimple.id/wp-content/plugins/elementor-pro/assets/css/frontend-lite.min5d63.css]
[invisimple.id/wp-content/plugins/invisimple-2/assets/css/style.min5bf8.css]
[invisimple.id/wp-includes/css/dashicons.minefe9.css]
[invisimple.id/wp-content/plugins/elementor/assets/lib/font-awesome/css/all.min5d63.css]
[invisimple.id/wp-content/plugins/elementor/assets/lib/font-awesome/css/v4-shims.min5d63.css]
[invisimple.id/wp-content/uploads/elementor/css/global0180.css]
[invisimple.id/wp-content/uploads/elementor/css/post-19557d42c.css]
[invisimple.id/wp-content/plugins/happy-elementor-addons/assets/fonts/style.min40a1.css]
[invisimple.id/wp-content/plugins/fluentform/public/css/fluent-forms-elementor-widget163a.css]
[invisimple.id/wp-content/uploads/elementor/css/post-2084559bf.css]
[invisimple.id/wp-content/plugins/elementor/assets/lib/font-awesome/css/solid.min52d5.css]
[invisimple.id/wp-content/plugins/elementor/assets/lib/font-awesome/css/fontawesome.min52d5.css]
[invisimple.id/wp-content/plugins/elementor/assets/lib/font-awesome/css/brands.min52d5.css]
[invisimple.id/wp-content/plugins/elementor/assets/lib/font-awesome/css/regular.min52d5.css]
[invisimple.id/wp-content/plugins/profile-builder/assets/css/style-front-end12f9.css]
[invisimple.id/wp-includes/js/jquery/jquery.minf43b.js]
[invisimple.id/wp-includes/js/jquery/jquery-migrate.min5589.js]
[invisimple.id/wp-content/plugins/elementor/assets/lib/font-awesome/js/v4-shims.min5d63.js]
[invisimple.id/wp-content/uploads/2023/04/cropped-invisimple-id-icon-32x32.png]
[invisimple.id/wp-content/uploads/2023/04/cropped-invisimple-id-icon-192x192.png]
[invisimple.id/wp-content/uploads/2023/04/cropped-invisimple-id-icon-180x180.png]
[invisimple.id/wp-content/uploads/2023/05/eks-15-asset-01.png]
[invisimple.id/wp-content/uploads/2023/05/eks-15-asset-02.png]
[invisimple.id/wp-content/uploads/2023/05/eks-15-asset-03.png]
[invisimple.id/wp-content/uploads/elementor/thumbs/DSC_9535--qn8yiv5f82n2d0xchv62ie7dyfuqwj5dmqrz72jde0.jpg]
[invisimple.id/wp-content/uploads/elementor/thumbs/Foto-CPP--qn8yire18vq1x69d0zcung56xelunvhwzx2p5iqp3c.jpg]
[invisimple.id/wp-content/uploads/elementor/thumbs/DSC_9693--qn8yiixhjdeh0olnedp7j0a1kxrjqlkbyr7bu138nc.jpg]
[invisimple.id/wp-content/plugins/elementor/assets/css/widget-icon-list.min.css]
[invisimple.id/wp-content/uploads/elementor/thumbs/DSC_9869--qn8yilr2jl1htqs5rim1vbr4a8gavjdey9umhscl28.jpg]
[invisimple.id/wp-content/uploads/elementor/thumbs/DSC_9664--qn8yih1vlev27oyziykx0uxtbb3gt1ur9ml73ejjxc.jpg]
[connect.facebook.net/en_US/fbevents2f15.js]
[invisimple.id/wp-content/uploads/elementor/thumbs/DSC_9648--qn8yj3m05fpxyc27v8byop8vkk09xscbcq8um1m3s0.jpg]
[invisimple.id/wp-content/uploads/2023/05/DSC_9456-.jpg]
[invisimple.id/wp-content/uploads/2023/05/DSC_9493-.jpg]
[invisimple.id/wp-content/uploads/2023/05/DSC_9506-.jpg]
[invisimple.id/wp-content/uploads/2023/05/DSC_9535-.jpg]
[invisimple.id/wp-content/uploads/2023/05/DSC_9648-.jpg]
[invisimple.id/wp-content/uploads/2023/05/DSC_9664-.jpg]
[invisimple.id/wp-content/uploads/2023/05/DSC_9936-.jpg]
[invisimple.id/wp-content/uploads/2023/05/DSC_9908-.jpg]
[invisimple.id/wp-content/uploads/2023/05/DSC_9754-.jpg]
[invisimple.id/wp-content/plugins/elementor-pro/assets/css/widget-theme-elements.min.css]
[invisimple.id/wp-content/uploads/elementor/thumbs/DSC_9456--qn8yiu7l18ls1eypncrfxwfxd1zdou1nam4hpskrk8.jpg]
[invisimple.id/wp-content/uploads/elementor/thumbs/DSC_9493--qn8yilr1bqa74xb00r3stgks0l52rk429g94eaxb48.jpg]
[invisimple.id/wp-content/uploads/elementor/thumbs/DSC_9506--qn8yibet8jw1l7q0p4mwk16phck1evz0k12s49cn0o.jpg]
[invisimple.id/wp-content/uploads/elementor/thumbs/DSC_9622--qn8yj4jt4ezxl4joyz8c7btzwakf1i6p01atzu5fns.jpg]
[invisimple.id/wp-content/uploads/elementor/thumbs/DSC_9664--qn8yih1udk3rivhts72nyzrh1ns8p2lekszozx49zc.jpg]
[invisimple.id/wp-content/uploads/elementor/thumbs/DSC_9908--qn8yih1udk3rivhts72nyzrh1ns8p2lekszozx49zc.jpg]
[ajax.googleapis.com/ajax/libs/jquery/3.6.0/jquery.min.js]
[cdnjs.cloudflare.com/ajax/libs/jquery-easing/1.3/jquery.easing.min.js]
[invisimple.id/wp-content/plugins/invisimple-2/assets/css/copy-to-clipboard.min5bf8.css]
[invisimple.id/wp-includes/js/mediaelement/mediaelementplayer-legacy.min1f61.css]
[invisimple.id/wp-content/plugins/invisimple-0/assets/css/modal-min02dd.css]
[invisimple.id/wp-content/plugins/invisimple-1/assets/build/css/acf-global8bc9.css]
[invisimple.id/wp-content/plugins/invisimple-8/assets/js/wpdiscuz-combo-no_quill.minfff2.js]
[invisimple.id/wp-content/plugins/elementor/assets/lib/animations/animations.min5d63.css]
[invisimple.id/wp-content/themes/hello-elementor/assets/js/hello-frontend.min8a54.js]
[invisimple.id/wp-content/plugins/happy-elementor-addons/assets/js/happy-addons.min40a1.js]
[invisimple.id/wp-content/plugins/invisimple-2/assets/js/dynamic-countdown.min5bf8.js]
[invisimple.id/wp-content/plugins/invisimple-2/assets/lib/dayjs/dayjs.min5bf8.js]
[invisimple.id/wp-content/plugins/elementor/assets/lib/e-gallery/js/e-gallery.min7359.js]
[invisimple.id/wp-content/plugins/invisimple-2/assets/lib/clipboard.js/clipboard.min5bf8.js]
[invisimple.id/wp-includes/js/mediaelement/mediaelement-migrate.minefe9.js]
[invisimple.id/wp-includes/js/mediaelement/mediaelement-and-player.min1f61.js]
[invisimple.id/wp-content/plugins/elementor-pro/assets/js/webpack-pro.runtime.min5d63.js]
[invisimple.id/wp-content/plugins/elementor/assets/js/webpack.runtime.min5d63.js]
[invisimple.id/wp-content/plugins/elementor-pro/assets/lib/lottie/lottie.min3f90.js]
[invisimple.id/wp-content/plugins/elementor/assets/js/frontend-modules.min5d63.js]
[invisimple.id/wp-includes/js/dist/hooks.min2757.js]
[invisimple.id/wp-includes/js/dist/i18n.minc33c.js]
[invisimple.id/wp-content/plugins/elementor-pro/assets/js/frontend.min5d63.js]
[invisimple.id/wp-content/plugins/elementor/assets/lib/waypoints/waypoints.min05da.js]
[invisimple.id/wp-includes/js/jquery/ui/core.minb37e.js]
[invisimple.id/wp-content/plugins/elementor-pro/assets/js/elements-handlers.min5d63.js]
[invisimple.id/wp-content/plugins/elementor/assets/js/frontend.min5d63.js]
[invisimple.id/wp-content/plugins/invisimple-4/assets/js/jet-elements.mind047.js]
[invisimple.id/wp-content/plugins/invisimple-4/assets/js/lib/anime-js/anime.min3601.js]
[invisimple.id/wp-content/plugins/invisimple-6/assets/js/jet-popup-frontend1f22.js]
[invisimple.id/wp-content/plugins/elementor-pro/assets/lib/sticky/jquery.sticky.min5d63.js]
[invisimple.id/wp-content/plugins/invisimple-2/assets/js/settings.min5bf8.js]
[invisimple.id/wp-content/plugins/invisimple-2/assets/js/fix-background-loop.min5bf8.js]
[invisimple.id/s03/index.html]
[www.googletagmanager.com/gtm5445.html]
[invisimple.id/wp-content/plugins/invisimple-2/assets/css/animations5bf8.css]
[invisimple.id/wp-includes/css/dist/block-library/style.minefe9.css]
[invisimple.id/wp-content/plugins/invisimple-5/assets/css/frontend8d18.css]
[invisimple.id/wp-content/plugins/invisimple-8/themes/default/css/fonts/sqr721c-webfontd41d.eot]
[invisimple.id/wp-content/plugins/invisimple-8/themes/default/css/fonts/sqr721c-webfont.eot]
[invisimple.id/wp-content/plugins/invisimple-8/themes/default/css/fonts/sqr721c-webfont.woff]
[invisimple.id/wp-content/plugins/invisimple-8/themes/default/css/fonts/sqr721c-webfont.ttf]
[invisimple.id/wp-content/plugins/invisimple-8/themes/default/css/fonts/sqr721c-webfont.svg]
[invisimple.id/wp-content/plugins/invisimple-8/assets/img/loading.gif]
[invisimple.id/wp-content/plugins/invisimple-8/themes/default/stylefff2.css]
[invisimple.id/wp-content/plugins/invisimple-8/assets/third-party/font-awesome-5.13.0/css/fa.minfff2.css]
[invisimple.id/wp-content/plugins/invisimple-8/assets/img/delete.png]
[invisimple.id/wp-content/plugins/invisimple-8/assets/img/file-icons/delete.png]
[invisimple.id/wp-content/plugins/invisimple-8/assets/third-party/colorbox/images/overlay.png]
[invisimple.id/wp-content/plugins/invisimple-8/assets/third-party/colorbox/images/controls.png]
[invisimple.id/wp-content/plugins/invisimple-8/assets/third-party/colorbox/images/border.png]
[invisimple.id/wp-content/plugins/invisimple-8/assets/third-party/colorbox/images/loading_background.png]
[invisimple.id/wp-content/plugins/invisimple-8/assets/third-party/colorbox/images/loading.gif]
[invisimple.id/wp-content/plugins/invisimple-8/assets/css/wpdiscuz-combo-no_quill.minefe9.css]
[invisimple.id/wp-content/uploads/useanyfont/9303Collina.woff2]
[invisimple.id/wp-content/uploads/useanyfont/9303Collina.woff]
[invisimple.id/wp-content/uploads/useanyfont/1979Hatolie.woff2]
[invisimple.id/wp-content/uploads/useanyfont/1979Hatolie.woff]
[invisimple.id/wp-content/uploads/useanyfont/uaf2429.css]
[invisimple.id/wp-content/themes/hello-elementor/style.minc141.css]
[invisimple.id/wp-content/themes/hello-elementor/theme.minc141.css]
[invisimple.id/wp-content/plugins/elementor/assets/css/frontend-lite.min5d63.css]
[invisimple.id/wp-content/uploads/elementor/css/post-8adfb.css]
[invisimple.id/wp-content/plugins/elementor/assets/lib/font-awesome/css/font-awesome.min1849.css]
[invisimple.id/wp-content/plugins/invisimple-6/assets/image/transparent.jpg]
[invisimple.id/wp-content/plugins/invisimple-6/assets/css/jet-popup-frontend1f22.css]
[invisimple.id/wp-content/plugins/invisimple-4/assets/images/dummy-map.png]
[invisimple.id/wp-content/plugins/invisimple-4/assets/css/jet-elementsd047.css]
[invisimple.id/wp-content/plugins/invisimple-4/assets/css/jet-elements-skind047.css]
[invisimple.id/wp-content/plugins/elementor/assets/lib/eicons/css/elementor-icons.min192d.css]
[invisimple.id/wp-content/plugins/elementor/assets/lib/swiper/css/swiper.min48f5.css]
[invisimple.id/wp-content/plugins/elementor-pro/assets/css/frontend-lite.min5d63.css]
[invisimple.id/wp-content/plugins/invisimple-2/assets/css/style.min5bf8.css]
[invisimple.id/wp-includes/css/dashicons.minefe9.css]
[invisimple.id/wp-content/plugins/elementor/assets/lib/font-awesome/css/all.min5d63.css]
[invisimple.id/wp-content/plugins/elementor/assets/lib/font-awesome/css/v4-shims.min5d63.css]
[invisimple.id/wp-content/uploads/elementor/css/global0180.css]
[invisimple.id/wp-content/uploads/2023/05/eks-15-bg-01.jpg]
[invisimple.id/wp-content/uploads/elementor/css/post-19557d42c.css]
[invisimple.id/wp-content/plugins/happy-elementor-addons/assets/fonts/happy-icons.woff2]
[invisimple.id/wp-content/plugins/happy-elementor-addons/assets/fonts/happy-icons.woff]
[invisimple.id/wp-content/plugins/happy-elementor-addons/assets/fonts/style.min40a1.css]
[invisimple.id/wp-content/plugins/fluentform/public/css/fluent-forms-elementor-widget163a.css]
[invisimple.id/wp-content/uploads/elementor/css/post-2084559bf.css]
[invisimple.id/wp-content/plugins/elementor/assets/lib/font-awesome/css/fontawesome.min52d5.css]
[invisimple.id/wp-content/plugins/elementor/assets/lib/font-awesome/css/solid.min52d5.css]
[invisimple.id/wp-content/plugins/elementor/assets/lib/font-awesome/css/brands.min52d5.css]
[invisimple.id/wp-content/plugins/elementor/assets/lib/font-awesome/css/regular.min52d5.css]
[invisimple.id/wp-content/plugins/profile-builder/assets/images/sorting-default.png]
[invisimple.id/wp-content/plugins/profile-builder/assets/images/sorting-ascending.png]
[invisimple.id/wp-content/plugins/profile-builder/assets/images/sorting-descending.png]
[invisimple.id/wp-content/plugins/profile-builder/assets/css/style-front-end12f9.css]
[invisimple.id/s03/POST]
[invisimple.id/s03/b.resolvedLink]
[invisimple.id/s03/schema.org/index.html]
[invisimple.id/signals/iwl.js]
[connect.facebook.net/en_US/fbevents2f15.js]
[invisimple.id/wp-content/plugins/elementor/assets/css/widget-icon-list.min.css]
[invisimple.id/wp-content/plugins/elementor-pro/assets/css/widget-theme-elements.min.css]
[invisimple.id/wp-content/uploads/2023/04/cropped-invisimple-id-icon-270x270.png]
[invisimple.id/wp-content/uploads/2023/05/DSC_9622-.jpg]
[invisimple.id/wp-content/uploads/elementor/thumbs/DSC_9648--qn8yj3lyxkyn9il24gtpmu2jawp1tt2ynwncik6tu0.jpg]
[invisimple.id/wp-content/uploads/elementor/thumbs/DSC_9936--qn8yj5hnb917wqibthmyrtlghofs97afc5ybh441hk.jpg]
[invisimple.id/wp-content/uploads/elementor/thumbs/DSC_9754--qn8yiccnfdxbwtonjn1j4iy62qfeml2qw5q9ljb8ug.jpg]
[invisimple.id/wp-content/plugins/invisimple-2/assets/css/copy-to-clipboard.min5bf8.css]
[invisimple.id/wp-includes/js/mediaelement/mejs-controls.svg]
[invisimple.id/wp-includes/js/mediaelement/mediaelementplayer-legacy.min1f61.css]
[invisimple.id/wp-content/plugins/invisimple-0/assets/css/modal-min02dd.css]
[invisimple.id/wp-content/plugins/invisimple-2/assets/css/dynamic-visibility.min5bf8.css]
[invisimple.id/wp-content/plugins/elementor/assets/lib/e-gallery/css/e-gallery.min7359.css]
[invisimple.id/wp-content/plugins/invisimple-1/assets/images/spinner.gif]
[invisimple.id/wp-content/plugins/invisimple-1/assets/images/spinner@2x.gif]
[invisimple.id/wp-content/plugins/invisimple-1/assets/build/css/acf-global8bc9.css]
[invisimple.id/wp-content/plugins/elementor/assets/lib/animations/animations.min5d63.css]
[invisimple.id/wp-content/plugins/invisimple-8/themes/default/css/fonts/sqr721c-webfont.svg]
[invisimple.id/s03/POST.html]
[invisimple.id/s03/schema.org/index.html]
[invisimple.id/s03/b.html]
[invisimple.id/signals/iwl.html]
[invisimple.id/wp-content/plugins/invisimple-2/assets/css/dynamic-visibility.min5bf8.css]
[invisimple.id/wp-content/plugins/elementor/assets/lib/e-gallery/css/e-gallery.min7359.css]
[invisimple.id/wp-includes/js/mediaelement/mejs-controls.svg]
[invisimple.id/wp-content/plugins/invisimple-8/themes/default/css/fonts/sqr721c-webfont.woff2]
[invisimple.id/wp-content/plugins/invisimple-0/assets/js/modal-min02dd.js]
[invisimple.id/wp-content/plugins/happy-elementor-addons/assets/fonts/happy-icons.svg]
[invisimple.id/wp-content/plugins/happy-elementor-addons/assets/fonts/happy-icons.svg]
